1                                         The SAS System           14:42 Thursday, August 29, 2019

WARNING: One or more libraries specified in the concatenated library SASHELP 
WARNING: do not exist.  These libraries were removed from the concatenation.
NOTE: Copyright (c) 2016 by SAS Institute Inc., Cary, NC, USA. 
NOTE: SAS (r) Proprietary Software 9.4 (TS1M6) 
      Licensed to UNIVERSITY OF NORTH CAROLINA CHAPEL HILL - SFA T&R, Site 70022629.
NOTE: This session is executing on the W32_10PRO  platform.



NOTE: Analytical products:
      
      SAS/STAT 15.1
      SAS/ETS 15.1
      SAS/OR 15.1
      SAS/IML 15.1
      SAS/QC 15.1

NOTE: Additional host information:

 W32_10PRO WIN 10.0.17763  Workstation

NOTE: SAS initialization used:
      real time           0.28 seconds
      cpu time            0.13 seconds
      

NOTE: AUTOEXEC processing beginning; file is C:\Progs\cmd\autoexec.sas.


NOTE: AUTOEXEC processing completed.

1          %let progname=iml01.sas;
2          %let pdfout  =iml01.pdf;
3          
4          * xref:
5          * input:
6          * output:
7          * does:
8          
9          ***************************************************;
10         title1 "*** BIOS 667, iml ***";
11         ods pdf file = "&pdfout";
NOTE: Writing ODS PDF output to DISK destination "c:\bios\667\iml01.pdf", printer "PDF".
12         options nocenter errors=3;
13         ***************************************************;
14         proc iml;
NOTE: IML Ready
15           n  = 10;
16           x1 = j(n, 1, 1);
17           x2 = (1 : n)`;
18           x3 = x2 ## 2 ;
19           print x1 x2 x3;
20           x       = x1 || x2 || x3;
21           print x;
22           p       = ncol(x);
23           xtx     = x` * x;
24           xtxixt  = solve(xtx, X`);
25           h       = x * xtxixt;
26           rowsums = h[,+];
27           sumh    = sum(rowsums);
28           rowssq  = h[,##];
29           sumsq   = sum(rowssq);
30           dh      = vecdiag(h);
2 The SAS System                                                14:42 Thursday, August 29, 2019

31           sumdh   = dh[+];
32         
33           print n p;
34           print h;
35           print sumdh sumh sumsq;
36           print rowsums dh rowssq ;
37         
NOTE: Exiting IML.
NOTE: The PROCEDURE IML printed pages 1-2.
NOTE: PROCEDURE IML used (Total process time):
      real time           0.03 seconds
      cpu time            0.04 seconds
      

NOTE: SAS Institute Inc., SAS Campus Drive, Cary, NC USA 27513-2414
NOTE: The SAS System used:
      real time           0.42 seconds
      cpu time            0.26 seconds
      
*** BIOS 667, iml ***                                       14:42 Thursday, August 29, 2019   1

       x1        x2        x3

        1         1         1
        1         2         4
        1         3         9
        1         4        16
        1         5        25
        1         6        36
        1         7        49
        1         8        64
        1         9        81
        1        10       100


              x

        1         1         1
        1         2         4
        1         3         9
        1         4        16
        1         5        25
        1         6        36
        1         7        49
        1         8        64
        1         9        81
        1        10       100


        n         p

       10         3


                           h
           COL1      COL2      COL3      COL4      COL5

ROW1  0.6181818 0.3818182 0.1909091 0.0454545 -0.054545
ROW2  0.3818182 0.2787879 0.1909091 0.1181818 0.0606061
ROW3  0.1909091 0.1909091 0.1833333 0.1681818 0.1454545
ROW4  0.0454545 0.1181818 0.1681818 0.1954545       0.2
ROW5  -0.054545 0.0606061 0.1454545       0.2 0.2242424
ROW6  -0.109091 0.0181818 0.1151515 0.1818182 0.2181818
ROW7  -0.118182 -0.009091 0.0772727 0.1409091 0.1818182
ROW8  -0.081818 -0.021212 0.0318182 0.0772727 0.1151515
ROW9  5.898E-17 -0.018182 -0.021212 -0.009091 0.0181818
ROW10 0.1272727         0 -0.081818 -0.118182 -0.109091

                           h
           COL6      COL7      COL8      COL9     COL10

ROW1  -0.109091 -0.118182 -0.081818 -3.73E-17 0.1272727
ROW2  0.0181818 -0.009091 -0.021212 -0.018182 -1.39E-17
ROW3  0.1151515 0.0772727 0.0318182 -0.021212 -0.081818
ROW4  0.1818182 0.1409091 0.0772727 -0.009091 -0.118182
ROW5  0.2181818 0.1818182 0.1151515 0.0181818 -0.109091
ROW6  0.2242424       0.2 0.1454545 0.0606061 -0.054545
ROW7        0.2 0.1954545 0.1681818 0.1181818 0.0454545
ROW8  0.1454545 0.1681818 0.1833333 0.1909091 0.1909091
ROW9  0.0606061 0.1181818 0.1909091 0.2787879 0.3818182
ROW10 -0.054545 0.0454545 0.1909091 0.3818182 0.6181818
*** BIOS 667, iml ***                                       14:42 Thursday, August 29, 2019   2

    sumdh      sumh     sumsq

        3        10         3


  rowsums        dh    rowssq

        1 0.6181818 0.6181818
        1 0.2787879 0.2787879
        1 0.1833333 0.1833333
        1 0.1954545 0.1954545
        1 0.2242424 0.2242424
        1 0.2242424 0.2242424
        1 0.1954545 0.1954545
        1 0.1833333 0.1833333
        1 0.2787879 0.2787879
        1 0.6181818 0.6181818
